
> my-app@0.0.0 build
> tsc -b && vite build

vite v8.2.2 building client environment for production...
transforming...
✓ 714 modules transformed.
rendering chunks...
computing gzip size...
dist/index.html                                              1.38 kB │ gzip:   0.69 kB
dist/assets/geist-cyrillic-ext-wght-normal-DjL33-gN.woff2    7.42 kB
dist/assets/geist-vietnamese-wght-normal-6IgcOCM7.woff2      8.00 kB
dist/assets/geist-cyrillic-wght-normal-BEAKL7Jp.woff2       15.08 kB
dist/assets/geist-latin-ext-wght-normal-DC-KSUi6.woff2      16.51 kB
dist/assets/geist-latin-wght-normal-BgDaEnEv.woff2          29.40 kB
dist/assets/TournamentPage-BkVGtZDW.css                      0.29 kB │ gzip:   0.19 kB
dist/assets/search-inbox-workspace-_eIm1MMB.css              3.15 kB │ gzip:   0.88 kB
dist/assets/index-CqRy-tyI.css                             111.92 kB │ gzip:  21.01 kB
dist/assets/matchTime-CF3-pkla.js                            0.27 kB │ gzip:   0.21 kB
dist/assets/routeIds-CE-XcIUl.js                             0.43 kB │ gzip:   0.30 kB
dist/assets/Avatar-COKnu6UZ.js                               0.54 kB │ gzip:   0.39 kB
dist/assets/EnterTournamentButton-44yT8HQl.js                1.12 kB │ gzip:   0.61 kB
dist/assets/matchView-D0gMrqAs.js                            1.54 kB │ gzip:   0.71 kB
dist/assets/career-C61xISiU.js                               1.74 kB │ gzip:   0.76 kB
dist/assets/chips-C8fkov3c.js                                1.98 kB │ gzip:   0.77 kB
dist/assets/Scorebug-b0p7kiO1.js                             2.01 kB │ gzip:   0.81 kB
dist/assets/useLiveEngagement-Bq4JJUUh.js                    2.56 kB │ gzip:   0.88 kB
dist/assets/upload-2yhaOgju.js                               2.78 kB │ gzip:   1.17 kB
dist/assets/teamBridge-DPvDnFb_.js                           2.81 kB │ gzip:   1.15 kB
dist/assets/useUser-BThLRZOY.js                              3.41 kB │ gzip:   1.32 kB
dist/assets/WatchPage-Cn8CdBMA.js                            4.62 kB │ gzip:   1.56 kB
dist/assets/tournament.schema-D7oF5fXM.js                    4.82 kB │ gzip:   1.67 kB
dist/assets/InboxPage-DzKbg6eV.js                            4.98 kB │ gzip:   1.89 kB
dist/assets/MvpPage-D8opFdzC.js                              5.18 kB │ gzip:   1.96 kB
dist/assets/FixturePage-DDAhc1hY.js                          5.73 kB │ gzip:   2.31 kB
dist/assets/SearchPage-DUuxGil6.js                           6.12 kB │ gzip:   1.89 kB
dist/assets/resultRules-Dh1XfBLj.js                          7.38 kB │ gzip:   2.75 kB
dist/assets/PlayerPage-ChjrgEvS.js                           7.46 kB │ gzip:   2.09 kB
dist/assets/ProfilePage-BwvDpDje.js                          7.47 kB │ gzip:   2.43 kB
dist/assets/RegisterForm-D_lZCDj_.js                         9.17 kB │ gzip:   3.55 kB
dist/assets/MatchesPage-Bev7YR1y.js                         12.03 kB │ gzip:   3.80 kB
dist/assets/TeamsPage-DAiPz4eU.js                           12.28 kB │ gzip:   3.52 kB
dist/assets/RequestPage-D6ezYY6Y.js                         12.95 kB │ gzip:   3.99 kB
dist/assets/CheckinPage-B9M8Gceo.js                         32.17 kB │ gzip:  10.48 kB
dist/assets/AdminPage-CPYVVw5b.js                           37.99 kB │ gzip:   9.33 kB
dist/assets/TeamPage-BowEHZXh.js                            42.20 kB │ gzip:  12.80 kB
dist/assets/MatchPage-CjZtdMoB.js                           45.69 kB │ gzip:  12.80 kB
dist/assets/TournamentPage-B4WtPVIi.js                      81.48 kB │ gzip:  21.35 kB
dist/assets/primitives-CRhl0Ibg.js                          97.26 kB │ gzip:  33.70 kB
dist/assets/esm-ni1Pr6Ff.js                                477.55 kB │ gzip: 125.22 kB
dist/assets/index-Bt6jU0YY.js                              523.18 kB │ gzip: 156.02 kB

[plugin builtin:vite-reporter]
(!) Some chunks are larger than 500 kB after minification. Consider:
- Using dynamic import() to code-split the application
- Use build.rolldownOptions.output.codeSplitting to improve chunking: https://rolldown.rs/reference/OutputOptions.codeSplitting
- Adjust chunk size limit for this warning via build.chunkSizeWarningLimit.
✓ built in 661ms
